settlements: 3,844
  2026-03-26 04:01:04.272082+00:00 .. 2026-08-05 23:02:50.968987+00:00
  distinct days: 129

==================================================================
OVERALL
==================================================================
  total staked (cost)   $  412,086.12
  total payout          $  408,389.01
  total fees            $    8,770.34
  NET P&L               $  -12,467.45
  return on staked            -3.03%

  fees as % of net loss: 70%

==================================================================
BY SERIES
==================================================================
                                 n       cost     payout     fees       net   roi
series                                                                           
KXBNB15M                         1       0.10       0.17     0.00      0.07  0.64
KXBTC                           16     755.65     589.80    11.14   -176.98 -0.23
KXBTC15M                      3082  321830.88  316026.31  7115.49 -12920.06 -0.04
KXBTCD                         697   87806.94   90563.44  1603.59   1152.91  0.01
KXDOGE15M                        2     150.83     106.74     1.56    -45.65 -0.30
KXETH15M                        17     493.05     435.25     6.14    -63.94 -0.13
KXF1RACE                         5      78.38      50.85     2.34    -29.87 -0.38
KXHYPE15M                        3      65.14      48.11     0.77    -17.79 -0.27
KXIPLGAME                        4      23.46      21.00     0.66     -3.12 -0.13
KXMVESPORTSMULTIGAMEEXTENDED     2       8.28       0.00     0.44     -8.72 -1.05
KXNBAGAME                        1      73.42     136.19     2.35     60.42  0.82
KXSOL15M                         4      82.60      12.84     2.19    -71.95 -0.87
KXUCLGAME                        2     273.74       0.00    17.37   -291.11 -1.06
KXWCADVANCE                      2       3.45       0.12     0.18     -3.51 -1.02
KXWCGAME                         4     391.99     338.16     5.46    -59.28 -0.15
KXWCSPREAD                       1      24.30      31.56     0.39      6.87  0.28
KXXRP15M                         1      23.91      28.47     0.27      4.29  0.18

==================================================================
BY DAY
==================================================================
             n      cost    fees      net       cum
date                                               
2026-07-16  25   4634.40   96.77   139.96  -9424.94
2026-07-17  36  10046.77  201.83   307.90  -9117.04
2026-07-18  46  10921.46  223.46  -408.61  -9525.66
2026-07-19   7   1182.14   22.93  -206.77  -9732.42
2026-07-20  38   5225.62  111.96    -1.02  -9733.44
2026-07-21  37   5619.74   93.34   160.83  -9572.61
2026-07-22  38   7567.18  152.39  -335.65  -9908.26
2026-07-23  54   8296.94  149.81  -200.14 -10108.41
2026-07-24  82   5281.49  100.39  -520.46 -10628.86
2026-07-25  26   1814.70   32.32    38.65 -10590.22
2026-07-26   9    353.42    6.01    34.07 -10556.14
2026-07-27  47   6565.04  123.28  -344.55 -10900.69
2026-07-28  37   1710.88   36.85   -47.99 -10948.68
2026-07-29  58   5098.12  106.41   -15.13 -10963.80
2026-07-30  18   1444.67   22.91   -68.38 -11032.18
2026-07-31  28   3419.60   55.12    78.29 -10953.89
2026-08-02   1     44.42    0.70    11.11 -10942.78
2026-08-03  39   5177.97   94.20  -375.35 -11318.13
2026-08-04  37   1516.86   25.19  -134.32 -11452.46
2026-08-05  32   6902.05   92.34 -1014.99 -12467.45

==================================================================
WIN RATE
==================================================================
  settled markets with money at risk: 3,772
  profitable: 2,277 (60.4%)
  mean net per market: $-3.305
  median: $+1.885
  best $+1,243.86   worst $-1,165.11

  markets where BOTH sides were held to expiry: 2,267 (60%)
    mean combined price paid per matched pair: $1.343
    (above $1.00 means the pair was locked in at a loss before
     the market even resolved)

saved -> C:\Users\Gohan\OneDrive\Documents\Gopal\sports-model\reports\kalshi_settlements.csv
