
BY DIVISION (sorted by how close the model gets to the market)
==============================================================
  div         n    model   market      gap  blend w
  D2      3,117   1.0621   1.0502  +0.0119     0.06
  G1      2,237   0.9522   0.9384  +0.0138     0.08
  SP1     3,985   0.9768   0.9629  +0.0139     0.00
  P1      3,180   0.9355   0.9207  +0.0147     0.00
  N1      3,097   0.9497   0.9347  +0.0150     0.00
  E2      5,521   1.0424   1.0272  +0.0153     0.00
  F1      3,696   1.0008   0.9854  +0.0154     0.00
  E1      5,777   1.0501   1.0346  +0.0154     0.00
  D1      3,209   0.9942   0.9787  +0.0156     0.00
  B1      2,797   1.0040   0.9884  +0.0156     0.00
  E3      5,541   1.0675   1.0511  +0.0165     0.00
  E0      4,010   0.9720   0.9555  +0.0165     0.00
  SC0     2,262   0.9639   0.9465  +0.0174     0.00
  I1      3,993   0.9671   0.9487  +0.0184     0.00
  I2      4,004   1.0676   1.0481  +0.0196     0.00
  F2      3,682   1.0647   1.0442  +0.0205     0.00
  SP2     4,746   1.0603   1.0398  +0.0205     0.00
  T1      3,450   1.0060   0.9814  +0.0246     0.00

BY ERA
======
  period             n    model   market      gap
  2015-2017     16,658   1.0154   0.9989  +0.0165
  2018-2020     18,437   1.0170   1.0026  +0.0143
  2021-2023     20,668   1.0140   0.9953  +0.0187
  2024-2026     12,541   1.0126   0.9950  +0.0176

BY SIZE OF DISAGREEMENT WITH THE MARKET
=======================================
  disagreement           n    model   market      gap
  0.000-0.028       17,076   0.9938   0.9923  +0.0015
  0.028-0.049       17,076   1.0138   1.0099  +0.0039
  0.049-0.080       17,076   1.0208   1.0065  +0.0143
  0.080-0.116       10,245   1.0270   0.9968  +0.0302
  0.116-0.431        6,831   1.0373   0.9641  +0.0731

FLAT-STAKE SIMULATION AT BEST AVAILABLE ODDS
============================================
  Betting every outcome where model prob * best odds - 1 > threshold.
  Uses MaxH/D/A (best price across books) — the most generous
  assumption possible, and still the realistic ceiling is lower
  because best prices get limited or moved.

  threshold        bets    staked    profit      ROI
  >0%            58,218    58,218     -2687   -4.62%
  >2%            50,973    50,973     -2579   -5.06%
  >5%            41,704    41,704     -2249   -5.39%
  >10%           29,833    29,833     -2115   -7.09%
  >20%           15,891    15,891     -1178   -7.42%

OVER/UNDER 2.5 GOALS
====================
  n = 68,304
  model log loss     0.68552
  base rate log loss 0.69313  (over rate 49.7%)
  (no closing totals odds stored in the backtest, so no market column here)
