in-play calibration a=0.767 b=+0.065, extras edge 0.495

[15:14:15] 5 live game(s)
  match                                   state             model    mkt    diff
  Los Angeles Angels @ Baltimore Orioles  bot 8, 2out 4-1      4%     6%   -2.2%
  Athletics @ Cincinnati Reds             top 9, 0out 3-6     98%    97%   +1.3%
  New York Mets @ Cleveland Guardians     top 7, 1out 6-5     37%    25%  +12.0%
  Pittsburgh Pirates @ Milwaukee Brewers  bot 4, 0out 2-2     63%    57%   +5.4%
  Toronto Blue Jays @ Chicago Cubs        bot 3, 3out 1-0     42%    38%   +4.0%
[15:16:45] 5 live game(s)
  match                                   state             model    mkt    diff
  Los Angeles Angels @ Baltimore Orioles  bot 8, 2out 4-1      4%     4%   -0.2%
  Athletics @ Cincinnati Reds             top 9, 1out 3-6     99%    98%   +1.3%
  New York Mets @ Cleveland Guardians     top 7, 2out 6-5     39%    15%  +24.4%
  Pittsburgh Pirates @ Milwaukee Brewers  bot 4, 3out 2-2     56%    52%   +4.0%
  Toronto Blue Jays @ Chicago Cubs        top 4, 1out 1-0     43%    40%   +3.9%
[15:19:16] 5 live game(s)
  match                                   state             model    mkt    diff
  Los Angeles Angels @ Baltimore Orioles  top 9, 0out 4-1      2%     4%   -1.9%
  Athletics @ Cincinnati Reds             top 9, 1out 3-6     99%    97%   +2.3%
  New York Mets @ Cleveland Guardians     top 7, 3out 9-5      5%     7%   -1.9%
  Pittsburgh Pirates @ Milwaukee Brewers  top 5, 0out 2-2     56%    52%   +4.0%
  Toronto Blue Jays @ Chicago Cubs        top 4, 1out 1-0     43%    36%   +7.8%
[15:21:46] 5 live game(s)
  match                                   state             model    mkt    diff
  Los Angeles Angels @ Baltimore Orioles  top 9, 3out 4-1      3%     4%   -1.1%
  Athletics @ Cincinnati Reds             top 9, 2out 5-6     91%    98%   -7.2%
  New York Mets @ Cleveland Guardians     bot 7, 1out 9-5      4%     6%   -2.2%
  Pittsburgh Pirates @ Milwaukee Brewers  top 5, 2out 2-2     61%    57%   +3.3%
  Toronto Blue Jays @ Chicago Cubs        top 4, 1out 1-0     43%    36%   +7.8%
[15:24:16] 5 live game(s)
  match                                   state             model    mkt    diff
  Los Angeles Angels @ Baltimore Orioles  bot 9, 0out 4-1      3%     4%   -1.1%
  Athletics @ Cincinnati Reds             top 9, 3out 5-6    100%    99%   +1.0%
  New York Mets @ Cleveland Guardians     bot 7, 1out 9-5      4%     6%   -2.2%
  Pittsburgh Pirates @ Milwaukee Brewers  top 5, 3out 2-2     63%    57%   +5.5%
  Toronto Blue Jays @ Chicago Cubs        top 4, 1out 1-0     43%    37%   +6.6%
[15:26:47] 4 live game(s)
  match                                   state             model    mkt    diff
  Los Angeles Angels @ Baltimore Orioles  bot 9, 1out 4-1      1%     2%   -0.8%
  New York Mets @ Cleveland Guardians     bot 7, 3out 9-5      2%     4%   -2.2%
  Pittsburgh Pirates @ Milwaukee Brewers  bot 5, 1out 2-3     74%    63%  +10.9%
  Toronto Blue Jays @ Chicago Cubs        top 4, 2out 1-0     45%    39%   +6.7%
[15:29:17] 4 live game(s)
  match                                   state             model    mkt    diff
  Los Angeles Angels @ Baltimore Orioles  bot 9, 2out 4-1      0%     1%   -0.7%
  New York Mets @ Cleveland Guardians     top 8, 0out 9-5      2%     4%   -2.2%
  Pittsburgh Pirates @ Milwaukee Brewers  bot 5, 2out 2-3     72%    70%   +2.1%
  Toronto Blue Jays @ Chicago Cubs        top 4, 3out 1-0     47%    42%   +5.1%
[15:31:48] 3 live game(s)
  match                                   state             model    mkt    diff
  New York Mets @ Cleveland Guardians     top 8, 0out 9-5      2%     3%   -1.2%
  Pittsburgh Pirates @ Milwaukee Brewers  bot 5, 2out 2-3     72%    71%   +1.2%
  Toronto Blue Jays @ Chicago Cubs        bot 4, 1out 1-0     45%    40%   +5.4%
[15:34:18] 3 live game(s)
  match                                   state             model    mkt    diff
  New York Mets @ Cleveland Guardians     top 8, 0out 9-5      2%     3%   -1.2%
  Pittsburgh Pirates @ Milwaukee Brewers  bot 5, 3out 2-4     83%    80%   +2.3%
  Toronto Blue Jays @ Chicago Cubs        bot 4, 2out 1-0     43%    40%   +3.0%
[15:36:48] 3 live game(s)
  match                                   state             model    mkt    diff
  New York Mets @ Cleveland Guardians     top 8, 0out 10-5     0%     1%   -0.5%
  Pittsburgh Pirates @ Milwaukee Brewers  top 6, 0out 2-4     83%    80%   +2.3%
  Toronto Blue Jays @ Chicago Cubs        bot 4, 3out 1-0     40%    36%   +4.2%
[15:39:18] 3 live game(s)
  match                                   state             model    mkt    diff
  New York Mets @ Cleveland Guardians     top 8, 0out 10-5     0%     1%   -0.5%
  Pittsburgh Pirates @ Milwaukee Brewers  top 6, 0out 2-4     83%    75%   +7.5%
  Toronto Blue Jays @ Chicago Cubs        top 5, 1out 1-0     42%    38%   +4.5%
[15:41:48] 4 live game(s)
  match                                   state             model    mkt    diff
  New York Mets @ Cleveland Guardians     top 8, 0out 11-5     0%     1%   -0.9%
  Pittsburgh Pirates @ Milwaukee Brewers  top 6, 2out 2-4     87%    84%   +2.4%
  Toronto Blue Jays @ Chicago Cubs        top 5, 1out 1-0     42%    36%   +6.5%
  Detroit Tigers @ Seattle Mariners       top 1, 0out 0-0     52%    52%   -0.4%
[15:44:19] 4 live game(s)
  match                                   state             model    mkt    diff
  New York Mets @ Cleveland Guardians     top 8, 0out 12-5     0%     1%   -1.0%
  Pittsburgh Pirates @ Milwaukee Brewers  top 6, 3out 2-4     88%    87%   +1.3%
  Toronto Blue Jays @ Chicago Cubs        top 5, 2out 1-0     44%    41%   +3.6%
  Detroit Tigers @ Seattle Mariners       top 1, 0out 0-0     52%    52%   -0.4%
[15:46:49] 4 live game(s)
  match                                   state             model    mkt    diff
  New York Mets @ Cleveland Guardians     top 8, 1out 12-5     0%     1%   -1.0%
  Pittsburgh Pirates @ Milwaukee Brewers  bot 6, 0out 2-4     88%    89%   -0.8%
  Toronto Blue Jays @ Chicago Cubs        bot 5, 0out 1-0     46%    41%   +5.6%
  Detroit Tigers @ Seattle Mariners       top 1, 0out 0-0     52%    52%   -0.4%
[15:49:19] 4 live game(s)
  match                                   state             model    mkt    diff
  New York Mets @ Cleveland Guardians     top 8, 2out 12-5     0%     1%   -1.0%
  Pittsburgh Pirates @ Milwaukee Brewers  bot 6, 0out 2-5     95%    94%   +0.8%
  Toronto Blue Jays @ Chicago Cubs        bot 5, 1out 1-0     44%    38%   +6.1%
  Detroit Tigers @ Seattle Mariners       top 1, 0out 0-0     52%    52%   -0.4%
[15:51:49] 4 live game(s)
  match                                   state             model    mkt    diff
  New York Mets @ Cleveland Guardians     top 8, 2out 13-5     0%     1%   -1.0%
  Pittsburgh Pirates @ Milwaukee Brewers  bot 6, 1out 2-5     94%    94%   +0.3%
  Toronto Blue Jays @ Chicago Cubs        bot 5, 2out 1-0     41%    36%   +5.4%
  Detroit Tigers @ Seattle Mariners       top 1, 0out 0-0     52%    52%   -0.4%
[15:54:19] 4 live game(s)
  match                                   state             model    mkt    diff
  New York Mets @ Cleveland Guardians     top 8, 3out 13-5     0%     1%   -1.0%
  Pittsburgh Pirates @ Milwaukee Brewers  bot 6, 2out 2-5     94%    94%   -0.2%
  Toronto Blue Jays @ Chicago Cubs        top 6, 0out 1-0     38%    33%   +5.7%
  Detroit Tigers @ Seattle Mariners       top 1, 0out 0-0     52%    52%   -0.4%
[15:56:50] 4 live game(s)
  match                                   state             model    mkt    diff
  New York Mets @ Cleveland Guardians     bot 8, 0out 13-5     0%     1%   -1.0%
  Pittsburgh Pirates @ Milwaukee Brewers  bot 6, 3out 2-5     93%    94%   -0.8%
  Toronto Blue Jays @ Chicago Cubs        top 6, 1out 1-0     40%    33%   +7.7%
  Detroit Tigers @ Seattle Mariners       top 1, 0out 0-0     52%    52%   -0.4%
[15:59:20] 4 live game(s)
  match                                   state             model    mkt    diff
  New York Mets @ Cleveland Guardians     bot 8, 3out 13-5     0%     1%   -1.0%
  Pittsburgh Pirates @ Milwaukee Brewers  top 7, 0out 2-5     93%    91%   +2.1%
  Toronto Blue Jays @ Chicago Cubs        top 6, 2out 1-0     43%    36%   +6.9%
  Detroit Tigers @ Seattle Mariners       top 1, 0out 0-0     52%    52%   -0.4%
[16:01:51] 4 live game(s)
  match                                   state             model    mkt    diff
  New York Mets @ Cleveland Guardians     top 9, 1out 13-5     0%     1%   -1.0%
  Pittsburgh Pirates @ Milwaukee Brewers  top 7, 2out 2-5     96%    93%   +2.9%
  Toronto Blue Jays @ Chicago Cubs        top 6, 3out 1-0     45%    38%   +7.2%
  Detroit Tigers @ Seattle Mariners       top 1, 0out 0-0     52%    52%   -0.4%
[16:04:21] 4 live game(s)
  match                                   state             model    mkt    diff
  New York Mets @ Cleveland Guardians     bot 9, 0out 13-5     0%     1%   -1.0%
  Pittsburgh Pirates @ Milwaukee Brewers  top 7, 3out 2-5     97%    95%   +2.0%
  Toronto Blue Jays @ Chicago Cubs        bot 6, 0out 1-0     45%    44%   +1.3%
  Detroit Tigers @ Seattle Mariners       top 1, 0out 0-0     52%    52%   -0.4%
[16:06:51] 4 live game(s)
  match                                   state             model    mkt    diff
  New York Mets @ Cleveland Guardians     bot 9, 0out 13-5     0%     1%   -1.0%
  Pittsburgh Pirates @ Milwaukee Brewers  bot 7, 1out 2-5     97%    96%   +0.7%
  Toronto Blue Jays @ Chicago Cubs        bot 6, 1out 1-0     42%    41%   +0.7%
  Detroit Tigers @ Seattle Mariners       top 1, 0out 0-0     52%    52%   -0.4%
[16:09:21] 4 live game(s)
  match                                   state             model    mkt    diff
  New York Mets @ Cleveland Guardians     bot 9, 1out 13-6     0%     1%   -1.0%
  Pittsburgh Pirates @ Milwaukee Brewers  bot 7, 2out 2-5     96%    96%   +0.3%
  Toronto Blue Jays @ Chicago Cubs        bot 6, 2out 1-0     39%    38%   +1.3%
  Detroit Tigers @ Seattle Mariners       top 1, 0out 0-0     52%    52%   -0.4%
[16:11:52] 4 live game(s)
  match                                   state             model    mkt    diff
  New York Mets @ Cleveland Guardians     bot 9, 2out 13-6     0%     1%   -1.0%
  Pittsburgh Pirates @ Milwaukee Brewers  bot 7, 3out 2-5     96%    95%   +0.9%
  Toronto Blue Jays @ Chicago Cubs        bot 6, 3out 1-0     36%    30%   +6.0%
  Detroit Tigers @ Seattle Mariners       top 1, 0out 0-0     52%    52%   -0.4%
[16:14:22] 3 live game(s)
  match                                   state             model    mkt    diff
  Pittsburgh Pirates @ Milwaukee Brewers  top 8, 0out 2-5     96%    96%   -0.1%
  Toronto Blue Jays @ Chicago Cubs        top 7, 0out 1-0     36%    28%   +8.0%
  Detroit Tigers @ Seattle Mariners       top 1, 0out 0-0     52%    50%   +2.1%
[16:16:53] 3 live game(s)
  match                                   state             model    mkt    diff
  Pittsburgh Pirates @ Milwaukee Brewers  top 8, 1out 2-5     97%    95%   +2.2%
  Toronto Blue Jays @ Chicago Cubs        top 7, 1out 1-0     38%    29%   +9.2%
  Detroit Tigers @ Seattle Mariners       top 1, 1out 0-0     54%    52%   +1.3%
[16:19:23] 3 live game(s)
  match                                   state             model    mkt    diff
  Pittsburgh Pirates @ Milwaukee Brewers  top 8, 2out 2-5     98%    95%   +3.3%
  Toronto Blue Jays @ Chicago Cubs        top 7, 2out 2-0     24%    18%   +6.0%
  Detroit Tigers @ Seattle Mariners       top 1, 1out 2-0     33%    33%   +0.3%
[16:21:53] 3 live game(s)
  match                                   state             model    mkt    diff
  Pittsburgh Pirates @ Milwaukee Brewers  top 8, 3out 2-5     99%    97%   +2.0%
  Toronto Blue Jays @ Chicago Cubs        top 7, 3out 2-0     26%    20%   +5.5%
  Detroit Tigers @ Seattle Mariners       top 1, 1out 2-0     33%    29%   +4.2%
[16:24:23] 3 live game(s)
  match                                   state             model    mkt    diff
  Pittsburgh Pirates @ Milwaukee Brewers  bot 8, 0out 2-5     99%    98%   +1.0%
  Toronto Blue Jays @ Chicago Cubs        bot 7, 0out 2-0     26%    20%   +5.7%
  Detroit Tigers @ Seattle Mariners       top 1, 1out 3-0     24%    22%   +2.0%
[16:26:54] 3 live game(s)
  match                                   state             model    mkt    diff
  Pittsburgh Pirates @ Milwaukee Brewers  bot 8, 2out 2-5     99%    98%   +0.8%
  Toronto Blue Jays @ Chicago Cubs        bot 7, 2out 2-0     19%    14%   +5.0%
  Detroit Tigers @ Seattle Mariners       top 1, 1out 3-0     24%    20%   +3.9%
[16:29:24] 3 live game(s)
  match                                   state             model    mkt    diff
  Pittsburgh Pirates @ Milwaukee Brewers  top 9, 0out 2-5     99%    98%   +0.6%
  Toronto Blue Jays @ Chicago Cubs        bot 7, 2out 2-0     19%    14%   +5.0%
  Detroit Tigers @ Seattle Mariners       top 1, 2out 3-0     25%    23%   +2.1%
[16:31:54] 3 live game(s)
  match                                   state             model    mkt    diff
  Pittsburgh Pirates @ Milwaukee Brewers  top 9, 1out 2-5     99%    99%   +0.4%
  Toronto Blue Jays @ Chicago Cubs        bot 7, 3out 2-0     15%    13%   +2.7%
  Detroit Tigers @ Seattle Mariners       bot 1, 0out 3-0     26%    25%   +1.3%
[16:34:25] 3 live game(s)
  match                                   state             model    mkt    diff
  Pittsburgh Pirates @ Milwaukee Brewers  top 9, 1out 2-5     99%    99%   +0.4%
  Toronto Blue Jays @ Chicago Cubs        top 8, 1out 2-0     17%    13%   +4.1%
  Detroit Tigers @ Seattle Mariners       bot 1, 1out 3-0     24%    23%   +1.6%
[16:36:55] 3 live game(s)
  match                                   state             model    mkt    diff
  Pittsburgh Pirates @ Milwaukee Brewers  top 9, 1out 2-5     99%    93%   +6.4%
  Toronto Blue Jays @ Chicago Cubs        top 8, 2out 2-0     18%    14%   +4.3%
  Detroit Tigers @ Seattle Mariners       bot 1, 1out 3-0     24%    24%   +0.6%
[16:39:26] 2 live game(s)
  match                                   state             model    mkt    diff
  Toronto Blue Jays @ Chicago Cubs        top 8, 3out 2-0     20%    15%   +4.9%
  Detroit Tigers @ Seattle Mariners       bot 1, 3out 3-0     21%    20%   +1.3%
[16:41:56] 2 live game(s)
  match                                   state             model    mkt    diff
  Toronto Blue Jays @ Chicago Cubs        bot 8, 0out 2-0     20%    15%   +4.7%
  Detroit Tigers @ Seattle Mariners       top 2, 1out 3-0     22%    21%   +1.4%
[16:44:26] 2 live game(s)
  match                                   state             model    mkt    diff
  Toronto Blue Jays @ Chicago Cubs        bot 8, 2out 2-0     12%    11%   +0.9%
  Detroit Tigers @ Seattle Mariners       top 2, 2out 3-0     23%    20%   +3.8%
[16:46:57] 2 live game(s)
  match                                   state             model    mkt    diff
  Toronto Blue Jays @ Chicago Cubs        bot 8, 2out 2-0     12%     9%   +2.9%
  Detroit Tigers @ Seattle Mariners       top 2, 3out 4-0     16%    16%   +0.3%
[16:49:27] 2 live game(s)
  match                                   state             model    mkt    diff
  Toronto Blue Jays @ Chicago Cubs        top 9, 0out 2-0      8%     8%   +0.1%
  Detroit Tigers @ Seattle Mariners       bot 2, 0out 4-0     16%    16%   +0.3%
[16:51:58] 2 live game(s)
  match                                   state             model    mkt    diff
  Toronto Blue Jays @ Chicago Cubs        top 9, 0out 2-0      8%     6%   +2.1%
  Detroit Tigers @ Seattle Mariners       bot 2, 0out 4-0     16%    13%   +3.3%

  log now holds 144 state snapshots across 6 games -> C:\Users\Gohan\OneDrive\Documents\Gopal\sports-model\data\processed\inplay_live_log.csv
  mean |model - market| = 0.028
  Score these once the games settle: that comparison, not the
  base-rate result, decides whether the in-play model is useful.
