250,866 half-inning states, 13,730 games

  log loss in-play model 0.48061
  log loss base rate     0.69145
  accuracy               74.362%

  CALIBRATION
                n  predicted  actual    diff
bucket                                      
(0.0, 0.1]   6102     0.0255  0.0585  0.0331
(0.1, 0.2]   2131     0.1498  0.1872  0.0375
(0.2, 0.3]   2282     0.2513  0.2989  0.0475
(0.3, 0.4]   2375     0.3474  0.3592  0.0118
(0.4, 0.5]   1631     0.4224  0.4181 -0.0043
(0.5, 0.6]  10710     0.5336  0.5345  0.0009
(0.6, 0.7]   2302     0.6536  0.6394 -0.0141
(0.7, 0.8]   2663     0.7505  0.7217 -0.0288
(0.8, 0.9]   2372     0.8571  0.8343 -0.0228
(0.9, 1.0]   7419     0.9774  0.9553 -0.0221

  BY INNING (home win prob when level)
           n   pred  actual
inning                     
1       3946  0.533   0.550
2       2102  0.535   0.527
3       1433  0.539   0.540
4       1068  0.545   0.521
5        792  0.550   0.538
6        653  0.552   0.571
7        520  0.565   0.565
8        509  0.583   0.515
9        436  0.605   0.555
10       274  0.578   0.599
11        75  0.578   0.600
12        18  0.547   0.611
13         9  0.558   0.556
14         1  0.713   0.000
15         2  0.614   0.500
