open markets returned: 3

FULL RAW OBJECT of first market:
{
  "can_close_early": true,
  "close_time": "2026-08-09T01:40:00Z",
  "created_time": "2026-08-05T21:43:27.024783Z",
  "custom_strike": {
    "Associated Events": "KXMLBGAME-26AUG051840WSHPHI,KXMLBGAME-26AUG051910CWSBOS,KXMLBGAME-26AUG051915MIAATL,KXMLBSPREAD-26AUG051835LAABAL,KXMLBSPREAD-26AUG051840ATHCIN,KXMLBSPREAD-26AUG051905STLNYY,KXMLBSPREAD-26AUG052140DETSEA",
    "Associated Market Sides": "yes,yes,yes,no,no,no,no",
    "Associated Markets": "KXMLBGAME-26AUG051840WSHPHI-PHI,KXMLBGAME-26AUG051910CWSBOS-BOS,KXMLBGAME-26AUG051915MIAATL-ATL,KXMLBSPREAD-26AUG051835LAABAL-BAL3,KXMLBSPREAD-26AUG051840ATHCIN-CIN3,KXMLBSPREAD-26AUG051905STLNYY-NYY3,KXMLBSPREAD-26AUG052140DETSEA-SEA4",
    "Multivariate Event Ticker": "KXMVECROSSCATEGORY-S2026E3602015647"
  },
  "event_ticker": "KXMVECROSSCATEGORY-S2026E3602015647",
  "exchange_index": 0,
  "expected_expiration_time": "2026-08-06T07:40:00Z",
  "expiration_time": "2026-08-09T01:40:00Z",
  "expiration_value": "",
  "is_provisional": true,
  "last_price_dollars": "0.0000",
  "latest_expiration_time": "2026-08-09T01:40:00Z",
  "liquidity_dollars": "0.0000",
  "market_type": "binary",
  "mve_collection_ticker": "KXMVECROSSCATEGORY-R",
  "mve_selected_legs": [
    {
      "event_ticker": "KXMLBGAME-26AUG051840WSHPHI",
      "market_ticker": "KXMLBGAME-26AUG051840WSHPHI-PHI",
      "side": "yes"
    },
    {
      "event_ticker": "KXMLBGAME-26AUG051910CWSBOS",
      "market_ticker": "KXMLBGAME-26AUG051910CWSBOS-BOS",
      "side": "yes"
    },
    {
      "event_ticker": "KXMLBGAME-26AUG051915MIAATL",
      "market_ticker": "KXMLBGAME-26AUG051915MIAATL-ATL",
      "side": "yes"
    },
    {
      "event_ticker": "KXMLBSPREAD-26AUG051835LAABAL",
      "market_ticker": "KXMLBSPREAD-26AUG051835LAABAL-BAL3",
      "side": "no"
    },
    {
      "event_ticker": "KXMLBSPREAD-26AUG051840ATHCIN",
      "market_ticker": "KXMLBSPREAD-26AUG051840ATHCIN-CIN3",
      "side": "no"
    },
    {
      "event_ticker": "KXMLBSPREAD-26AUG051905STLNYY",
      "market_ticker": "KXMLBSPREAD-26AUG051905STLNYY-NYY3",
      "side": "no"
    },
    {
      "event_ticker": "KXMLBSPREAD-26AUG052140DETSEA",
      "market_ticker": "KXMLBSPREAD-26AU


--- highest-volume open markets across ALL categories ---
of 200 open markets, 0 report volume > 0
  KXMVECROSSCATEGORY-S20263653BB0063D-B5   vol=None oi=None bid=None ask=None last=None
  KXMVECROSSCATEGORY-S202626CD9C4D7C4-1B   vol=None oi=None bid=None ask=None last=None
  KXMVESPORTSMULTIGAMEEXTENDED-S2026B3A0   vol=None oi=None bid=None ask=None last=None
  KXMVESPORTSMULTIGAMEEXTENDED-S202651EB   vol=None oi=None bid=None ask=None last=None
  KXMVESPORTSMULTIGAMEEXTENDED-S2026FEC2   vol=None oi=None bid=None ask=None last=None
  KXMVESPORTSMULTIGAMEEXTENDED-S2026A7EA   vol=None oi=None bid=None ask=None last=None
  KXMVECROSSCATEGORY-S20262E41973DAA2-8B   vol=None oi=None bid=None ask=None last=None
  KXMVECROSSCATEGORY-S2026435D59E85C9-01   vol=None oi=None bid=None ask=None last=None

orderbook for KXMVECROSSCATEGORY-S2026E3602015647-3B0FE3685AE: HTTP 200
{
  "orderbook_fp": {
    "no_dollars": [],
    "yes_dollars": []
  }
}

KXMLBGAME: HTTP 200
  5 open
    KXMLBGAME-26AUG081610LAAMIA-MIA | Los Angeles A vs Miami Winner? | bid=None ask=None vol=None status=active close=2026-08-11T20:10
    KXMLBGAME-26AUG081610LAAMIA-LAA | Los Angeles A vs Miami Winner? | bid=None ask=None vol=None status=active close=2026-08-11T20:10
    KXMLBGAME-26AUG081610ATHBOS-BOS | A's vs Boston Winner? | bid=None ask=None vol=None status=active close=2026-08-11T20:10
    KXMLBGAME-26AUG081610ATHBOS-ATH | A's vs Boston Winner? | bid=None ask=None vol=None status=active close=2026-08-11T20:10

KXMLBSERIES: HTTP 200
  0 open
