USA: fitted 3,062 matches to 2026-08-02, 30 teams, effective sample 746
  home advantage USA:MLS: +0.283  (x1.33 on expected home goals)

  #   team                         attack  defence     net
  1   Los Angeles FC               +0.334   -0.148  +0.482
  2   Vancouver Whitecaps          +0.340   -0.082  +0.422
  3   Inter Miami                  +0.536   +0.198  +0.338
  4   San Diego FC                 +0.312   +0.050  +0.262
  5   Nashville SC                 +0.136   -0.100  +0.236
  6   Seattle Sounders             +0.097   -0.069  +0.167
  7   New York City                +0.113   -0.035  +0.148
  8   Columbus Crew                +0.211   +0.063  +0.148
  9   Philadelphia Union           +0.184   +0.038  +0.146
  10  FC Dallas                    +0.166   +0.087  +0.079
  11  FC Cincinnati                +0.293   +0.221  +0.072
  12  Minnesota United             +0.082   +0.022  +0.060
  13  Charlotte                    +0.076   +0.033  +0.043
  14  Real Salt Lake               +0.099   +0.079  +0.020
  15  Chicago Fire                 +0.209   +0.208  +0.001
  16  Portland Timbers             +0.189   +0.193  -0.004
  17  Houston Dynamo               +0.025   +0.043  -0.018
  18  Orlando City                 +0.235   +0.261  -0.026
  19  San Jose Earthquakes         +0.220   +0.250  -0.030
  20  Los Angeles Galaxy           +0.166   +0.226  -0.060
  21  New York Red Bulls           +0.076   +0.172  -0.096
  22  St. Louis City               +0.071   +0.173  -0.102
  23  New England Revolution       +0.043   +0.156  -0.113
  24  Colorado Rapids              +0.054   +0.175  -0.122
  25  Austin FC                    -0.065   +0.198  -0.263
  26  Atlanta Utd                  -0.053   +0.231  -0.284
  27  Toronto FC                   -0.143   +0.169  -0.312
  28  CF Montreal                  -0.076   +0.275  -0.351
  29  DC United                    -0.061   +0.315  -0.377
  30  Sporting Kansas City         -0.011   +0.426  -0.437

  attack: higher scores more. defence: LOWER concedes fewer.
  net = attack - defence, a neutral-venue strength proxy.
