leg                model    bid    ask  mkt(norm)  status
FC Dallas            58%   0.43   0.44      42.7%  active
LAFC                 53%   0.36   0.37      35.9%  active
Inter Miami          70%   0.96   0.97      96.0%  active
Orlando City         42%   0.38   0.40      39.6%  active
Nashville SC         61%   0.42   0.43      42.2%  active
Toluca               45%   0.72   0.73      71.6%  active

==================================================================
JOINT PROBABILITY (assuming independence)
==================================================================
  model product   2.481%
  market product  1.761%
  price paid      2.100%

==================================================================
ECONOMICS
==================================================================
  contracts       888.88
  stake           $18.67
  fee             $1.28   (6.9% of stake)
  total cost      $19.95
  payout if hit   $888.88
  breakeven prob  2.244%

  EV at model probability   $+2.11
  EV at market probability  $-4.29

==================================================================
CORRELATION SENSITIVITY
==================================================================
  Legs share a common driver (mostly MLS sides at home). Modelling
  that as a shared factor lifting the joint probability above the
  independent product:

    uplift           joint    EV (model)   EV (market)
    x1.00           2.481%        $+2.11        $-4.29
    x1.25           3.101%        $+7.62        $-0.38
    x1.50           3.721%       $+13.13        $+3.53
    x2.00           4.962%       $+24.16       $+11.36
